
Welcome to Gradle 8.9!

Here are the highlights of this release:
 - Enhanced Error and Warning Messages
 - IDE Integration Improvements
 - Daemon JVM Information

For more details see https://docs.gradle.org/8.9/release-notes.html

To honour the JVM settings for this build a single-use Daemon process will be forked. For more on this, please refer to https://docs.gradle.org/8.9/userguide/gradle_daemon.html#sec:disabling_the_daemon in the Gradle documentation.
Daemon will be stopped at the end of the build 
WARNING: We recommend using a newer Android Gradle plugin to use compileSdk = 35

This Android Gradle plugin (8.5.2) was tested up to compileSdk = 34.

You are strongly encouraged to update your project to use a newer
Android Gradle plugin that has been tested with compileSdk = 35.

If you are already using the latest version of the Android Gradle plugin,
you may need to wait until a newer version with support for compileSdk = 35 is available.

For more information refer to the compatibility table:
https://d.android.com/r/tools/api-level-support

To suppress this warning, add/update
    android.suppressUnsupportedCompileSdk=35
to this project's gradle.properties.
Checking the license for package Android SDK Build-Tools 34 in /home/runner/work/_temp/android-sdk/licenses
License for package Android SDK Build-Tools 34 accepted.
Preparing "Install Android SDK Build-Tools 34 v.34.0.0".
"Install Android SDK Build-Tools 34 v.34.0.0" ready.
Installing Android SDK Build-Tools 34 in /home/runner/work/_temp/android-sdk/build-tools/34.0.0
"Install Android SDK Build-Tools 34 v.34.0.0" complete.
"Install Android SDK Build-Tools 34 v.34.0.0" finished.
> Task :app:preBuild UP-TO-DATE
> Task :app:preDebugBuild UP-TO-DATE
> Task :app:mergeDebugNativeDebugMetadata NO-SOURCE
> Task :app:javaPreCompileDebug
> Task :app:checkDebugAarMetadata
> Task :app:generateDebugResValues
> Task :app:mapDebugSourceSetPaths
> Task :app:generateDebugResources
> Task :app:mergeDebugResources
> Task :app:packageDebugResources
> Task :app:createDebugCompatibleScreenManifests
> Task :app:extractDeepLinksDebug
> Task :app:parseDebugLocalResources
> Task :app:processDebugMainManifest
> Task :xposed-stubs:compileJava
> Task :xposed-stubs:processResources NO-SOURCE
> Task :xposed-stubs:classes
> Task :xposed-stubs:jar
> Task :xposed-stubs:assemble
> Task :xposed-stubs:compileTestJava NO-SOURCE
> Task :xposed-stubs:processTestResources NO-SOURCE
> Task :xposed-stubs:testClasses UP-TO-DATE
> Task :xposed-stubs:test NO-SOURCE
> Task :xposed-stubs:check UP-TO-DATE
> Task :xposed-stubs:build
> Task :app:processDebugManifest
> Task :app:mergeDebugShaders
> Task :app:compileDebugShaders NO-SOURCE
> Task :app:generateDebugAssets UP-TO-DATE
> Task :app:mergeDebugAssets
> Task :app:compressDebugAssets
> Task :app:desugarDebugFileDependencies
> Task :app:processDebugJavaRes NO-SOURCE
> Task :app:processDebugManifestForPackage
> Task :app:checkDebugDuplicateClasses
> Task :app:mergeDebugJavaResource
> Task :app:mergeDebugStartupProfile
> Task :app:mergeDebugJniLibFolders
> Task :app:mergeDebugNativeLibs NO-SOURCE
> Task :app:stripDebugDebugSymbols NO-SOURCE
> Task :app:mergeExtDexDebug
> Task :app:mergeLibDexDebug
> Task :app:processDebugResources
> Task :app:validateSigningDebug

> Task :app:compileDebugJavaWithJavac
/home/runner/work/neurio/neurio/NeurioVM/android/app/src/main/java/com/neurio/vm/BrowserActivity.java:187: error: cannot find symbol
        findViewById(R.id.b_forward).setOnClickListener(v -> { if (web.canForward()) web.goForward(); });
                                                                      ^
  symbol:   method canForward()
  location: variable web of type WebView
/home/runner/work/neurio/neurio/NeurioVM/android/app/src/main/java/com/neurio/vm/runtime/SandboxPreferences.java:205: error: method applyToData in class SandboxPreferences.SandboxEditor cannot be applied to given types;
            IO_EXECUTOR.execute(() -> applyToData(snapshotClear, snapshotRemovals, snapshotPuts));
                                      ^
  required: no arguments
  found:    boolean,Set<String>,Map<String,Object>
  reason: actual and formal argument lists differ in length
/home/runner/work/neurio/neurio/NeurioVM/android/app/src/main/java/com/neurio/vm/runtime/SandboxPreferences.java:209: error: method applyToData in class SandboxPreferences.SandboxEditor cannot be applied to given types;
            return applyToData(clear, removals, puts);
                   ^
  required: no arguments
  found:    boolean,Set<String>,Map<String,Object>
  reason: actual and formal argument lists differ in length
/home/runner/work/neurio/neurio/NeurioVM/android/app/src/main/java/com/neurio/vm/runtime/VirtualContext.java:139: error: method does not override or implement a method from a supertype
    @Override
    ^
/home/runner/work/neurio/neurio/NeurioVM/android/app/src/main/java/com/neurio/vm/util/Hex.java:57: error: bad operand types for binary operator '+'
        return body + luhn(body.toString());
                    ^
  first type:  StringBuilder
  second type: char
Note: Some input files use or override a deprecated API.
Note: Recompile with -Xlint:deprecation for details.
5 errors

> Task :app:compileDebugJavaWithJavac FAILED
gradle/actions: Writing build results to /home/runner/work/_temp/.gradle-actions/build-results/__run_3-1791302137392.json

FAILURE: Build failed with an exception.

* What went wrong:
Execution failed for task ':app:compileDebugJavaWithJavac'.
> Compilation failed; see the compiler error output for details.

* Try:
> Run with --info option to get more log output.
> Run with --scan to get full insights.

BUILD FAILED in 39s
28 actionable tasks: 28 executed
